// Vitest Snapshot v1, https://vitest.dev/guide/snapshot.html

exports[`every chapter of the examples > outlines examples/presentation/01-slides/01-technology-impact-assessment.md 1`] = `
"title: Technology Impact Assessment
section 11 denver-1858
section 28 in-1859-the-question-was
  subsection 32 in-1859-the-question-was/perhaps-for-2026
section 36 the-2026-rush"
`;

exports[`every chapter of the examples > outlines examples/presentation/01-slides/02-where-im-coming-from.md 1`] = `
"title: Where I'm coming from
section 3 technology-impact-assessment
section 7 technikfolgenabschatzung
section 30 however
section 43 adding-insult-to-injury"
`;

exports[`every chapter of the examples > outlines examples/presentation/01-slides/03-why-im-here.md 1`] = `
"title: Why I'm here
section 22 drawing-both-together
section 32 what-does-it-mean"
`;

exports[`every chapter of the examples > outlines examples/presentation/01-slides/04-four-themes.md 1`] = `
"title: Four themes
section 3 inclusion-and-wellbeing
section 21 does-the-system-serve-the-many-or-the-few
section 25 energy-water-and-waste
section 48 do-big-tech-firms-really-have-the-social-licence-to-build-what-they-re-building
section 54 concentration-and-power
section 83 what-happens-when-this-hits-markets
section 89 agents-as-market-actors
section 102 information-and-trust
section 129 what-happens-to-exchange-when-information-is-infinite-and-trust-a-scarcity"
`;

exports[`every chapter of the examples > outlines examples/presentation/01-slides/05-conclusion-a-few-provocations.md 1`] = `
"title: Conclusion — A few provocations
section 16 1
section 29 2
section 33 3
section 37 however
section 43 4"
`;

exports[`every chapter of the examples > outlines examples/presentation/01-slides/06-the-business-futures-mindset.md 1`] = `
"title: The (Business) Futures mindset
section 8 stay-in-touch
section 23 thank-you-and-welcome-to-macromarketing
section 25 appendix-sources-1-of-2
section 49 appendix-sources-2-of-2"
`;

exports[`every chapter of the examples > outlines examples/manuscript/01-manuscript/01-introduction.md 1`] = `"title: Introduction"`;

exports[`every chapter of the examples > outlines examples/manuscript/01-manuscript/02-the-current-state-of-the-art.md 1`] = `
"title: The current state-of-the-art
section 5 opportunities-and-challenges
section 25 guidance-and-approaches"
`;

exports[`every chapter of the examples > outlines examples/manuscript/01-manuscript/03-audiences.md 1`] = `
"title: Audiences
section 5 experts-non-experts-and-non-technical-users
section 19 enthusiastic-dilettantes"
`;

exports[`every chapter of the examples > outlines examples/manuscript/01-manuscript/04-a-practice-led-exploration.md 1`] = `
"title: A practice-led exploration
section 7 challenge-led-approach
section 11 application-development
section 23 results"
`;

exports[`every chapter of the examples > outlines examples/manuscript/01-manuscript/05-a-framework-of-principles.md 1`] = `"title: A framework of principles"`;

exports[`every chapter of the examples > outlines examples/manuscript/01-manuscript/06-conclusion.md 1`] = `"title: Conclusion"`;

exports[`every chapter of the examples > outlines examples/talk/01-talk/01-vibe-coding.md 1`] = `"title: Example Document"`;

exports[`every chapter of the examples > outlines examples/talk/01-talk/02-conclusion.md 1`] = `"title: Conclusion"`;

exports[`every chapter of the examples > outlines examples/talk/01-talk/03-today.md 1`] = `"title: Today"`;

exports[`every chapter of the examples > outlines examples/talk/01-talk/04-examples.md 1`] = `
"title: Examples
section 39 demo"
`;

exports[`every chapter of the examples > outlines examples/talk/01-talk/05-what-i-have-learned.md 1`] = `"title: What I have learned ..."`;

exports[`every chapter of the examples > outlines examples/talk/01-talk/06-what-im-learning-at-the-moment.md 1`] = `"title: What I'm learning at the moment ..."`;

exports[`every chapter of the examples > outlines examples/talk/01-talk/07-drawing-it-all-together.md 1`] = `"title: Drawing it all together ..."`;

exports[`every chapter of the examples > outlines examples/talk/01-talk/08-towards-a-framework.md 1`] = `"title: Towards a framework ..."`;

exports[`every chapter of the examples > outlines examples/talk/01-talk/09-the-spec-stack.md 1`] = `"title: "The Spec Stack""`;

exports[`every chapter of the examples > outlines examples/talk/01-talk/10-practical-guidance.md 1`] = `
"title: Practical guidance
section 8 remain-curious
section 24 invest-in
section 41 planning-planning-planning
section 49 practice-practice-practice"
`;

exports[`every chapter of the examples > outlines examples/talk/01-talk/11-thank-you.md 1`] = `"title: Thank You"`;

exports[`every chapter of the examples > parses examples/presentation/01-slides/01-technology-impact-assessment.md 1`] = `
"heading 1-1 [0,32] h1 "Technology Impact Assessment"
paragraph 3-3 [34,59] "Technikfolgenabschätzung"
paragraph 5-5 [61,66] "Alice"
paragraph 7-7 [68,98] "Royal Holloway Business School"
paragraph 9-9 [100,114] "14 June 2026"
heading 11-11 [116,131] h2 "Denver, 1858"
image 13-13 [133,207] src=assets/denver-1864.svg "A view of West Denver during the flood of 1864."
list 15-16 [209,387] "1859: roughly 100,000 set out under Pike's Peak or Bust — mo"
div 18-20 [389,583] {.credit} "Photograph: Denver Public Library, Western History Collectio"
  paragraph 19-19 [403,579] "Photograph: Denver Public Library, Western History Collectio"
image 22-22 [585,654] src=assets/denver.svg "A view of West Denver during the flood of 1864."
div 24-26 [656,850] {.credit} "Photograph: Denver Public Library, Western History Collectio"
  paragraph 25-25 [670,846] "Photograph: Denver Public Library, Western History Collectio"
heading 28-28 [852,880] h2 "In 1859 the question was:"
quote 30-30 [882,913] "\\"Is there gold in the creek?\\""
  paragraph 30-30 [882,913] "\\"Is there gold in the creek?\\""
heading 32-32 [915,936] h3 "Perhaps for 2026?"
quote 34-34 [938,1009] "\\"Who owns the creek, who's allowed to drink, and who gets to"
  paragraph 34-34 [938,1009] "\\"Who owns the creek, who's allowed to drink, and who gets to"
heading 36-36 [1011,1027] h2 "The 2026 rush"
rule 38-38 [1029,1032] ""
image 40-40 [1034,1080] src=assets/musk.svg "Musk as first trillionaire"
image 42-42 [1082,1208] src=assets/nvidia.svg "Nvidia's market capitalisation, 1999 to 11 June 2026: ~$4.9 "
list 44-46 [1210,1500] "Combined hyperscaler capex for 2026: ~$700 billion, ~75% of "
div 48-50 [1502,1741] {.credit} "Sources: CNBC (6 Feb 2026): cnbc.com/2026/02/06/google-micro"
  paragraph 49-49 [1516,1737] "Sources: CNBC (6 Feb 2026): cnbc.com/2026/02/06/google-micro""
`;

exports[`every chapter of the examples > parses examples/presentation/01-slides/02-where-im-coming-from.md 1`] = `
"heading 1-1 [0,34] {.divider} h1 "Where I'm coming from"
heading 3-3 [36,69] h2 "Technology Impact Assessment"
paragraph 5-5 [71,104] "(The tradition I'm coming from)"
heading 7-7 [106,134] h2 "Technikfolgenabschätzung"
paragraph 9-9 [136,167] "Technik / Folgen / Abschätzung"
rule 11-11 [169,172] ""
div 13-24 [174,691] {.columns} "Congressional Research Service report R46327 on the OTA U.S."
  div 14-18 [189,396] {.column width="50%"} "Congressional Research Service report R46327 on the OTA U.S."
    image 15-15 [215,331] src=assets/congress.svg credit="congress.gov — CRS report R46327" "Congressional Research Service report R46327 on the OTA"
    paragraph 17-17 [333,392] "U.S.: Office of Technology Assessment (1972 – 1995)"
  div 19-23 [397,687] {.column width="50%"} "TAB's current work: rares earths, HR analytics, plastics in "
    image 20-20 [423,578] src=assets/tab.svg credit="tab-beim-bundestag.de — TAB news, June 2026" "TAB's current work: rares earths, HR analytics, plastics in "
    paragraph 22-22 [580,683] "Germany: TAB (since 1990), latest outputs incl. a report on "
div 26-28 [693,835] {.credit} "Sources: CRS R46327 — congress.gov/crs-product/R46327 · TAB "
  paragraph 27-27 [707,831] "Sources: CRS R46327 — congress.gov/crs-product/R46327 · TAB "
heading 30-30 [837,851] h2 "However ..."
rule 32-32 [853,856] ""
image 34-34 [858,954] src=assets/eu.svg "Gibson Dunn client alert, 27 May 2026: EU AI Act high-risk d"
list 36-37 [956,1084] "In force August 2024; high-risk obligations were due August "
div 39-41 [1086,1222] {.credit} "Sources: Gibson Dunn (May 2026): gibsondunn.com; Hogan Lovel"
  paragraph 40-40 [1100,1218] "Sources: Gibson Dunn (May 2026): gibsondunn.com; Hogan Lovel"
heading 43-43 [1224,1251] h2 "Adding insult to injury?"
div 45-53 [1253,1648] {.columns} "The problem is that Treebeard operates at a very different s"
  div 46-49 [1268,1541] {.column width="50%"} "The problem is that Treebeard operates at a very different s"
    quote 47-48 [1294,1537] "The problem is that Treebeard operates at a very different s"
      paragraph 47-48 [1294,1537] "The problem is that Treebeard operates at a very different s"
  div 50-52 [1542,1644] {.column width="50%"} "Dario Amodei's policy essay, published this month"
    image 51-51 [1568,1640] src=assets/amodei1.svg "Dario Amodei's policy essay, published this month"
div 55-57 [1650,1744] {.credit} "Source: Amodei, \\"Policy on the AI Exponential\\" (June 2026): "
  paragraph 56-56 [1664,1740] "Source: Amodei, \\"Policy on the AI Exponential\\" (June 2026): ""
`;

exports[`every chapter of the examples > parses examples/presentation/01-slides/03-why-im-here.md 1`] = `
"heading 1-1 [0,25] {.divider} h1 "Why I'm here"
div 3-5 [27,72] {.notes} "Why I'm here: The macro lens"
  paragraph 4-4 [40,68] "Why I'm here: The macro lens"
rule 7-7 [74,77] ""
div 9-16 [79,324] {.columns} "Clients vs. users — the baby-mobile cartoon Marketing's pers"
  div 10-12 [94,202] {.column width="50%"} "Clients vs. users — the baby-mobile cartoon"
    image 11-11 [120,198] src=assets/two-perspectives1.svg "Clients vs. users — the baby-mobile cartoon"
  div 13-15 [203,320] {.column width="50%"} "Marketing's perspective vs. the customer's perspective"
    image 14-14 [229,316] src=assets/two-perspectives2.svg "Marketing's perspective vs. the customer's perspective"
div 18-20 [326,528] {.credit} "Cartoon: vk.com/piterskii_punk_wall, via uxplanet.org · mark"
  paragraph 19-19 [340,524] "Cartoon: vk.com/piterskii_punk_wall, via uxplanet.org · mark"
heading 22-22 [530,554] h2 "Drawing both together"
list 24-25 [556,658] "1972: Congress founds the OTA 1976: First Macromarketing Sem"
list 26-26 [659,685] "and I love the 70s ..."
div 28-30 [687,802] {.credit} "Sources: CRS R46327: congress.gov/crs-product/R46327; Macrom"
  paragraph 29-29 [701,798] "Sources: CRS R46327: congress.gov/crs-product/R46327; Macrom"
heading 32-32 [804,827] h2 "What does it mean?"
paragraph 34-34 [829,850] "(man weiß es not.)"
rule 36-36 [852,855] ""
div 38-46 [857,1223] {.columns} "I think that most people are underestimating just how radica"
  div 39-42 [872,1127] {.column width="50%"} "I think that most people are underestimating just how radica"
    quote 40-41 [898,1123] "I think that most people are underestimating just how radica"
      paragraph 40-41 [898,1123] "I think that most people are underestimating just how radica"
  div 43-45 [1128,1219] {.column width="50%"} "Machines of Loving Grace, October 2024"
    image 44-44 [1154,1215] src=assets/amodei2.svg "Machines of Loving Grace, October 2024"
div 48-50 [1225,1314] {.credit} "Source: Amodei, \\"Machines of Loving Grace\\" (Oct 2024): dario"
  paragraph 49-49 [1239,1310] "Source: Amodei, \\"Machines of Loving Grace\\" (Oct 2024): dario"
rule 52-52 [1316,1319] ""
div 54-62 [1321,1593] {.columns} "We tend to overestimate the effect of a technology in the sh"
  div 55-58 [1336,1495] {.column width="50%"} "We tend to overestimate the effect of a technology in the sh"
    quote 56-57 [1362,1491] "We tend to overestimate the effect of a technology in the sh"
      paragraph 56-57 [1362,1491] "We tend to overestimate the effect of a technology in the sh"
  div 59-61 [1496,1589] {.column width="50%"} "Amara's Law — IEEE Computer Society"
    image 60-60 [1522,1585] src=assets/amaras-law.svg "Amara's Law — IEEE Computer Society"
div 64-66 [1595,1657] {.credit} "Sources: IEEE Computer Society: computer.org"
  paragraph 65-65 [1609,1653] "Sources: IEEE Computer Society: computer.org""
`;

exports[`every chapter of the examples > parses examples/presentation/01-slides/04-four-themes.md 1`] = `
"heading 1-1 [0,24] {.divider} h1 "Four themes"
heading 3-3 [26,54] h2 "Inclusion and wellbeing"
div 5-7 [56,130] {.notes} "Theme 1; straight to the heart of macromarketing thought."
  paragraph 6-6 [69,126] "Theme 1; straight to the heart of macromarketing thought."
rule 9-9 [132,135] ""
image 11-11 [137,253] src=assets/digital-divide.svg credit="ITU, Facts and Figures 2025" "ITU press release: detailing the globe's digital divides"
list 13-15 [255,608] "6 billion people are online, 2.2 billion offline: Of those o"
div 17-19 [610,723] {.credit} "Sources: ITU, Facts and Figures 2025: itu.int; Edelman: edel"
  paragraph 18-18 [624,719] "Sources: ITU, Facts and Figures 2025: itu.int; Edelman: edel"
heading 21-21 [725,770] h2 "Does the system serve the many or the few?"
list 23-23 [772,794] "and who's measuring?"
heading 25-25 [796,825] h2 "Energy, water, and waste"
rule 27-27 [827,830] ""
image 29-29 [832,949] src=assets/energy-and-ai3.svg credit="IEA, Energy and AI (2025), Figure 1.13" "Global map of large data-centre clusters, 2024"
list 31-33 [951,1438] "Engery consumption of data centres estimated to grow from 41"
div 35-37 [1440,1679] {.credit} "Sources: IEA, Energy and AI — iea.org/reports/energy-and-ai "
  paragraph 36-36 [1454,1675] "Sources: IEA, Energy and AI — iea.org/reports/energy-and-ai "
image 39-39 [1681,1840] src=assets/ewaste-monitor.svg credit="Global E-waste Monitor 2024 — ewastemonitor.info" "UN press release: e-waste rising five times faster than docu"
list 41-42 [1842,2133] "62 million tonnes of e-waste in 2022, estimated to grow to 8"
div 44-46 [2135,2223] {.credit} "Sources: Global E-waste Monitor 2024 (ITU/UNITAR): ewastemon"
  paragraph 45-45 [2149,2219] "Sources: Global E-waste Monitor 2024 (ITU/UNITAR): ewastemon"
heading 48-48 [2225,2312] h2 "Do big tech firms really have the social licence to build wh"
list 50-50 [2314,2359] "and who's giving them permission?[^licence]"
heading 54-54 [2452,2480] h2 "Concentration and power"
div 56-58 [2482,2506] {.notes} "Theme 3"
  paragraph 57-57 [2495,2502] "Theme 3"
rule 60-60 [2508,2511] ""
image 62-62 [2513,2647] src=assets/rbc2.svg credit="RBC Wealth Management / FactSet, January 2026" "Cumulative weight of the 10 largest S&P 500 companies, 1990–"
list 64-65 [2649,2853] "The ten largest S&P 500 firms: A record 40+% of the index, t"
div 67-69 [2855,3072] {.credit} "Sources: RBC Wealth Management / FactSet — rbcwealthmanageme"
  paragraph 68-68 [2869,3068] "Sources: RBC Wealth Management / FactSet — rbcwealthmanageme"
image 71-71 [3074,3141] src=assets/fable.svg "Statement by Anthropic, published two days ago"
div 73-75 [3143,3198] {.credit} "Anthropic (June 2026): anthropic.com."
  paragraph 74-74 [3157,3194] "Anthropic (June 2026): anthropic.com."
image 77-77 [3200,3400] src=assets/ai-bots.svg credit="Thales / Imperva, 2026 Bad Bot Report" "Key findings from the 2026 Bad Bot Report: bots now drive 53"
div 79-81 [3402,3502] {.credit} "Source: Thales / Imperva — imperva.com/blog/bad-bot-report-2"
  paragraph 80-80 [3416,3498] "Source: Thales / Imperva — imperva.com/blog/bad-bot-report-2"
heading 83-83 [3504,3545] h2 "What happens when this hits markets?"
div 85-87 [3547,3588] {.notes} "The question for Theme 3"
  paragraph 86-86 [3560,3584] "The question for Theme 3"
heading 89-89 [3590,3616] h2 "Agents as market actors"
list 91-92 [3618,3911] "2025: 53% of web traffic was automated; the human share keep"
paragraph 94-94 [3913,4082] "When markets were built for humans, what is a marketing syst"
div 98-100 [4144,4316] {.credit} "Sources: Thales/Imperva — imperva.com · McKinsey & Gartner v"
  paragraph 99-99 [4158,4312] "Sources: Thales/Imperva — imperva.com · McKinsey & Gartner v"
heading 102-102 [4318,4344] h2 "Information and trust"
div 104-106 [4346,4370] {.notes} "Theme 2"
  paragraph 105-105 [4359,4366] "Theme 2"
rule 108-108 [4372,4375] ""
image 110-110 [4377,4499] src=assets/graphite.svg "Graphite's crossover chart: AI-generated articles surpassed "
list 112-113 [4501,4755] "The majority of new articles published on the web are now es"
div 115-117 [4757,4914] {.credit} "Source: Graphite: graphite.io/five-percent/more-articles-are"
  paragraph 116-116 [4771,4910] "Source: Graphite: graphite.io/five-percent/more-articles-are"
rule 119-119 [4916,4919] ""
list 121-121 [4921,5029] "7 in 10 people hesitant to trust those with different values"
list 122-123 [5030,5224] "Misinformation (50%) and generative AI (37%) among the top f"
div 125-127 [5226,5321] {.credit} "Source: 2026 Edelman Trust Barometer: edelman.com/trust/2026"
  paragraph 126-126 [5240,5317] "Source: 2026 Edelman Trust Barometer: edelman.com/trust/2026"
heading 129-129 [5323,5405] h2 "What happens to exchange when information is infinite and tr"
list 131-131 [5407,5427] "Blockchain anyone?"
footnote[licence] 52 "See Microsoft CEO's interview at Stratechery (12 June 2026):"
footnote[projections] 96 "Think of these predictions what you may :)""
`;

exports[`every chapter of the examples > parses examples/presentation/01-slides/05-conclusion-a-few-provocations.md 1`] = `
"heading 1-1 [0,48] {.divider} h1 "Conclusion — A few provocations"
rule 3-3 [50,53] ""
image 5-5 [55,247] src=assets/employment.svg credit="cnbc.com, 28 August 2025 — reporting Brynjolfsson, Chandar & Chen" "CNBC on the Stanford study: 13% decline in jobs for young U."
list 7-8 [249,606] "Workers aged 22–25 in what is considered to be \\"AI-exposed\\" "
div 12-14 [732,903] {.credit} "Sources: Brynjolfsson, Chandar & Chen (2025), Stanford Digit"
  paragraph 13-13 [746,899] "Sources: Brynjolfsson, Chandar & Chen (2025), Stanford Digit"
heading 16-16 [905,910] h2 "#1"
paragraph 18-18 [912,1003] "Experience and tacit knowledge will soon matter more than de"
rule 20-20 [1005,1008] ""
quote 22-23 [1010,1120] "Give a small boy a hammer, and he will find that everything "
  paragraph 22-23 [1010,1120] "Give a small boy a hammer, and he will find that everything "
div 25-27 [1122,1185] {.credit} "Abraham Kaplan, The Conduct of Inquiry (1964)"
  paragraph 26-26 [1136,1181] "Abraham Kaplan, The Conduct of Inquiry (1964)"
heading 29-29 [1187,1192] h2 "#2"
paragraph 31-31 [1194,1267] "The future belongs to the generalist and no longer to the sp"
heading 33-33 [1269,1274] h2 "#3"
paragraph 35-35 [1276,1329] "Everything we do is software and will be automated."
heading 37-37 [1331,1345] h2 "However ..."
rule 39-39 [1347,1350] ""
image 41-41 [1352,1394] src=assets/privacy.svg "LinkedIN screenshot"
heading 43-43 [1396,1401] h2 "#4"
paragraph 45-45 [1403,1451] "Our desire for convenience is holding us back."
footnote[decline] 10 "Working paper: first version (Aug 2025) estimated −13%; the ""
`;

exports[`every chapter of the examples > parses examples/presentation/01-slides/06-the-business-futures-mindset.md 1`] = `
"heading 1-1 [0,45] {.divider} h1 "The (Business) Futures mindset"
list 3-3 [47,118] "Experience and tacit knowledge will soon matter more than de"
list 4-6 [119,247] "The future belongs to the generalist Everything we do is sof"
heading 8-8 [249,266] h2 "Stay in touch!"
div 10-21 [268,559] {.columns} "Scan to connect on LinkedIn. Shamless self-promotion: \\"Vibe "
  div 11-13 [283,372] {.column width="50%"} "Scan to connect on LinkedIn."
    image 12-12 [309,368] src=assets/qrcode-linkedin.svg "Scan to connect on LinkedIn."
  div 14-20 [373,555] {.column width="50%"} "Shamless self-promotion: \\"Example Document: An(other) extraodinar"
    paragraph 15-15 [399,427] "Shamless self-promotion:"
    paragraph 17-17 [429,496] "\\"Example Document: An(other) extraodinary skill for ordinary peop"
    paragraph 19-19 [498,551] "(hands-on workshop, Tuesday 10:30-12:00, room 303)."
heading 23-23 [561,608] h2 "Thank you — and welcome to Macromarketing!"
heading 25-25 [610,649] {.refs} h2 "Appendix · Sources (1 of 2)"
div 27-47 [651,2670] {.columns} "Colorado Encyclopedia — Colorado Gold Rush. coloradoencyclop"
  div 28-36 [666,1537] {.column width="50%"} "Colorado Encyclopedia — Colorado Gold Rush. coloradoencyclop"
    list 29-35 [692,1533] "Colorado Encyclopedia — Colorado Gold Rush. coloradoencyclop"
  div 37-46 [1538,2666] {.column width="50%"} "Grunwald, A. (2014) — Parlamentarische Technikfolgenabschätz"
    list 38-45 [1564,2662] "Grunwald, A. (2014) — Parlamentarische Technikfolgenabschätz"
heading 49-49 [2672,2711] {.refs} h2 "Appendix · Sources (2 of 2)"
div 51-76 [2713,4837] {.columns} "McKinsey & Gartner agentic-commerce projections, via nshift."
  div 52-63 [2728,3783] {.column width="50%"} "McKinsey & Gartner agentic-commerce projections, via nshift."
    list 53-62 [2754,3779] "McKinsey & Gartner agentic-commerce projections, via nshift."
  div 64-75 [3784,4833] {.column width="50%"} "Lincoln Institute (Feb 2026) — Data Drain: Land and Water Im"
    list 65-74 [3810,4829] "Lincoln Institute (Feb 2026) — Data Drain: Land and Water Im""
`;

exports[`every chapter of the examples > parses examples/manuscript/01-manuscript/01-introduction.md 1`] = `
"heading 1-1 [0,14] h1 "Introduction"
paragraph 3-3 [16,1028] "The year 1977 marked a turning point when computers began re"
paragraph 5-5 [1030,1475] "Today, personal computing permeates every aspect of life. We"
paragraph 7-7 [1477,2303] "Yet whilst we use these applications constantly, an intrigui"
paragraph 9-9 [2305,2791] "At first glance, example document seems genuinely exciting. The j"
paragraph 11-11 [2793,3059] "To test this assumption, I immersed myself in example document a "
list 13-15 [3061,3400] "To evaluate the current state of example document for different a"
paragraph 17-17 [3402,3721] "I find that while example document significantly lowers the barri"
paragraph 19-19 [3723,4161] "The remainder of this manuscript proceeds as follows. I firs"
footnote[projects] 21 "The applications are published on GitHub.""
`;

exports[`every chapter of the examples > parses examples/manuscript/01-manuscript/02-the-current-state-of-the-art.md 1`] = `
"heading 1-1 [0,30] h1 "The current state-of-the-art"
paragraph 3-3 [32,539] "Vibe coding suggests that non-experts can now develop workin"
heading 5-5 [541,572] h2 "Opportunities and challenges"
paragraph 7-7 [574,1069] "Without human review or comprehension of what the AI coding "
image 9-9 [1071,1161] {#fig:dev-spectrum} src=assets/approach-spectrum.svg "The Al-Assisted Development Continuum."
image 11-11 [1163,1269] {#fig:dev-taxonomy} src=assets/arxiv-taxonomy.svg "Development Models Taxonomy [adapted from @ge2025survey]."
paragraph 13-13 [1271,1658] "Moreover, example document differs from related developments such"
paragraph 15-15 [1660,2395] "Vibe coding's human-in-the-loop model appeals because it app"
quote 17-17 [2397,2620] "\\"reveals a speed-quality trade-off paradox, where vibe coder"
  paragraph 17-17 [2397,2620] "\\"reveals a speed-quality trade-off paradox, where vibe coder"
paragraph 19-19 [2622,3097] "Beyond the speed-quality tension, software security presents"
paragraph 21-21 [3099,3751] "Following from these technical concerns, the subjective expe"
paragraph 23-23 [3753,3839] "Given these challenges, what guidance currently exists for t"
heading 25-25 [3841,3867] h2 "Guidance and approaches"
paragraph 27-27 [3869,4665] "Existing example document frameworks and best-practice summaries "
table 29-37 [4667,5024] {#tab:approaches} caption="AI-assisted Development Frameworks." "Approach | Focus go-vibe | Documentation GitHub Spec Kit | S"
paragraph 39-39 [5026,5177] "Then there are practitioner views, such as specification-dri"
paragraph 41-41 [5179,5971] "Several themes emerge from reviewing these approaches. First"
paragraph 43-43 [5973,6429] "Consequently, different approaches to example document are more o""
`;

exports[`every chapter of the examples > parses examples/manuscript/01-manuscript/03-audiences.md 1`] = `
"heading 1-1 [0,11] h1 "Audiences"
paragraph 3-3 [13,672] "Two broad groups can be distinguished: those using vibe codi"
heading 5-5 [674,722] h2 "Experts, non-experts, and non-technical users"
paragraph 7-7 [724,797] "Creators can be further separated into groups based on purpo"
list 9-11 [799,1172] "Expert users develop software professionally, work within te"
paragraph 13-13 [1174,1430] "In practical terms, these three groups represent points on a"
paragraph 15-15 [1432,1985] "Since objective markers such as training or education typica"
paragraph 17-17 [1987,2434] "This distinction in terms of familiarity matters as non-expe"
heading 19-19 [2436,2463] h2 "Enthusiastic dilettantes"
paragraph 21-21 [2465,3175] "Although the modern meaning of the word \\"dilettante\\" describ"
paragraph 23-23 [3177,3291] "This is the framing in which I have pursued my personal vibe""
`;

exports[`every chapter of the examples > parses examples/manuscript/01-manuscript/04-a-practice-led-exploration.md 1`] = `
"heading 1-1 [0,28] h1 "A practice-led exploration"
paragraph 3-3 [30,525] "I use coding predominantly to support my teaching and resear"
paragraph 5-5 [527,977] "Given my own positioning as an enthusiastic dilettante, I em"
heading 7-7 [979,1004] h2 "Challenge-led approach"
paragraph 9-9 [1006,1656] "Specifically, I set myself the goal of example document three dis"
heading 11-11 [1658,1684] h2 "Application development"
paragraph 13-13 [1686,2404] "The four applications were: a local Retrieval-Augmented Gene"
paragraph 15-15 [2406,2747] "The four applications were developed over a period of three "
image 17-17 [2749,2891] {#fig:velocity-timeline} src=assets/velocity-timeline.svg "Development Timeline of Different Applications. (Height indi"
paragraph 19-19 [2893,3893] "Documentation emerged organically during development. For ex"
image 21-21 [3895,3970] {#fig:spec-stack} src=assets/specification-stack.svg "Example Document Spec Stack."
heading 23-23 [3972,3982] h2 "Results"
paragraph 25-25 [3984,4073] "Results of my exploration inform a framework of principles p""
`;

exports[`every chapter of the examples > parses examples/manuscript/01-manuscript/05-a-framework-of-principles.md 1`] = `
"heading 1-1 [0,27] h1 "A framework of principles"
paragraph 3-3 [29,393] "Perhaps the most important lesson learned through this exerc"
list 5-9 [395,789] "Planning: Thorough planning remains (almost) everything Docu"
table 11-31 [791,2931] {#tab:framework-compare} caption="Key Principles Across Example Document Frameworks. (VCF = Example Document Framework; CSA = Cloud Security Alliance.) ● = addressed; ○ = not addressed" " | go-vibe | GitHub | Context | CLEAR | VCF | CSA | This Per""
`;

exports[`every chapter of the examples > parses examples/manuscript/01-manuscript/06-conclusion.md 1`] = `
"heading 1-1 [0,12] h1 "Conclusion"
list 3-7 [14,500] "Explore further the notion of AI as a \\"professional dilettan""
`;

exports[`every chapter of the examples > parses examples/talk/01-talk/01-vibe-coding.md 1`] = `
"heading 1-1 [0,15] h1 "Example Document"
div 3-5 [17,311] {.notes} "The year 1977 marked a turning point when computers began re"
  paragraph 4-4 [30,307] "The year 1977 marked a turning point when computers began re"
rule 7-7 [313,316] ""
image 9-9 [318,357] {.full-bleed} src=assets/manuscript.svg """
`;

exports[`every chapter of the examples > parses examples/talk/01-talk/02-conclusion.md 1`] = `
"heading 1-1 [0,23] {.divider} h1 "Conclusion"
rule 3-3 [25,28] ""
image 5-5 [30,76] src=assets/screenshot-2026-01-12-15-12-09.svg """
`;

exports[`every chapter of the examples > parses examples/talk/01-talk/03-today.md 1`] = `
"heading 1-1 [0,7] h1 "Today"
list 3-6 [9,131] "Examples What I have learned so far ... What the literature ""
`;

exports[`every chapter of the examples > parses examples/talk/01-talk/04-examples.md 1`] = `
"heading 1-1 [0,21] {.divider} h1 "Examples"
paragraph 3-3 [23,47] "(Taking a step back ...)"
div 5-7 [49,288] {.notes} "Four applications developed over three months: a local RAG s"
  paragraph 6-6 [62,284] "Four applications developed over three months: a local RAG s"
rule 9-9 [290,293] ""
image 11-11 [295,328] src=assets/velocity-timeline.svg ""
div 13-15 [330,552] {.notes} "Development velocity timeline showing lines of code changed "
  paragraph 14-14 [343,548] "Development velocity timeline showing lines of code changed "
rule 17-17 [554,557] ""
div 19-26 [559,757] {.columns} " "
  div 20-22 [574,663] {.column width="50%"} ""
    image 21-21 [600,659] {.full-bleed} src=assets/screenshot-2026-01-12-15-20-19.svg ""
  div 23-25 [664,753] {.column width="50%"} ""
    image 24-24 [690,749] {.full-bleed} src=assets/screenshot-2026-01-12-15-20-00.svg ""
rule 28-28 [759,762] ""
div 30-37 [764,962] {.columns} " "
  div 31-33 [779,868] {.column width="50%"} ""
    image 32-32 [805,864] {.full-bleed} src=assets/screenshot-2026-01-12-15-25-16.svg ""
  div 34-36 [869,958] {.column width="50%"} ""
    image 35-35 [895,954] {.full-bleed} src=assets/screenshot-2026-01-12-15-20-46.svg ""
heading 39-39 [964,972] h2 "Demo:"
image 41-41 [974,1020] src=assets/screenshot-2026-01-08-16-57-37.svg ""
div 43-45 [1022,1379] {.notes} "Lauren Goode spent two days at a software company building w"
  paragraph 44-44 [1035,1375] "Lauren Goode spent two days at a software company building w""
`;

exports[`every chapter of the examples > parses examples/talk/01-talk/05-what-i-have-learned.md 1`] = `
"heading 1-1 [0,36] {.divider} h1 "What I have learned ..."
paragraph 3-3 [38,72] "(From three months of example document)"
div 5-7 [74,346] {.notes} "While I do not need to understand the actual code, it is ess"
  paragraph 6-6 [87,342] "While I do not need to understand the actual code, it is ess"
rule 9-9 [348,351] ""
image 11-11 [353,385] src=assets/lineage-timeline.svg ""
div 13-28 [387,1046] {.notes} "Total Lines Modified Cumulative LOC growth over time by line"
  paragraph 14-14 [400,420] "Total Lines Modified"
  paragraph 16-16 [422,613] "Cumulative LOC growth over time by lineage. Triangle markers"
  paragraph 18-18 [615,626] "For ragged:"
  list 20-21 [628,768] "Final codebase size: 134,090 LOC (actual lines in repo) Cumu"
  paragraph 23-23 [770,785] "Why It Inflates"
  list 25-27 [787,1042] "Deletions count as changes - Removing 10K lines adds 10K to "
image 30-30 [1048,1081] src=assets/codebase-overview.svg ""
div 32-34 [1083,1266] {.notes} "Codebase size (LOC) and feature counts by repository. Colour"
  paragraph 33-33 [1096,1262] "Codebase size (LOC) and feature counts by repository. Colour"
image 36-36 [1268,1299] src=assets/feature-density.svg ""
div 38-40 [1301,1539] {.notes} "Feature documentation density normalised to maximum. Shows f"
  paragraph 39-39 [1314,1535] "Feature documentation density normalised to maximum. Shows f"
image 42-42 [1541,1573] src=assets/file-composition.svg ""
div 44-46 [1575,1775] {.notes} "Pie charts showing Source/Test/Docs breakdown for each repos"
  paragraph 45-45 [1588,1771] "Pie charts showing Source/Test/Docs breakdown for each repos"
image 48-48 [1777,1814] src=assets/knowledge-inheritance.svg ""
div 50-52 [1816,2038] {.notes} "Knowledge transfer between project iterations. Shows what pe"
  paragraph 51-51 [1829,2034] "Knowledge transfer between project iterations. Shows what pe""
`;

exports[`every chapter of the examples > parses examples/talk/01-talk/06-what-im-learning-at-the-moment.md 1`] = `
"heading 1-1 [0,48] {.divider} h1 "What I'm learning at the moment ..."
paragraph 3-3 [50,88] "(and probably should have read before)"
div 5-7 [90,214] {.notes} "A recent survey identifies over 1,000 sources on example document"
  paragraph 6-6 [103,210] "A recent survey identifies over 1,000 sources on example document"
rule 9-9 [216,219] ""
image 11-11 [221,257] src=assets/vibecoding-continuum.svg ""
div 13-15 [259,491] {.notes} "The AI-Assisted Development Continuum. Without human review,"
  paragraph 14-14 [272,487] "The AI-Assisted Development Continuum. Without human review,"
image 17-17 [493,528] src=assets/vibecoding-taxonomy.svg ""
div 19-21 [530,757] {.notes} "Development Models Taxonomy. Vibe coding differs from agenti"
  paragraph 20-20 [543,753] "Development Models Taxonomy. Vibe coding differs from agenti"
image 23-23 [759,787] src=assets/github-ralph.svg """
`;

exports[`every chapter of the examples > parses examples/talk/01-talk/07-drawing-it-all-together.md 1`] = `
"heading 1-1 [0,40] {.divider} h1 "Drawing it all together ..."
paragraph 3-3 [42,65] "(Documentation is key!)"
rule 5-5 [67,70] ""
image 7-7 [72,109] src=assets/documentation-metrics.png ""
div 9-11 [111,367] {.notes} "Documentation practices breakdown: Implementation Plans, Pro"
  paragraph 10-10 [124,363] "Documentation practices breakdown: Implementation Plans, Pro"
image 13-13 [369,403] src=assets/practice-evolution.svg ""
div 15-17 [405,627] {.notes} "Maturity heatmap showing evolution of practices within each "
  paragraph 16-16 [418,623] "Maturity heatmap showing evolution of practices within each ""
`;

exports[`every chapter of the examples > parses examples/talk/01-talk/08-towards-a-framework.md 1`] = `
"heading 1-1 [0,36] {.divider} h1 "Towards a framework ..."
paragraph 3-3 [38,59] "(structure & process)"
div 5-7 [61,326] {.notes} "Human-in-the-Loop Model. AI assistants are \\"professional dil"
  paragraph 6-6 [74,322] "Human-in-the-Loop Model. AI assistants are \\"professional dil""
`;

exports[`every chapter of the examples > parses examples/talk/01-talk/09-the-spec-stack.md 1`] = `
"heading 1-1 [0,18] h1 "\\"The Spec Stack\\""
image 3-3 [20,55] src=assets/specification-stack.svg ""
div 5-7 [57,400] {.notes} "Structured specifications emerged organically during develop"
  paragraph 6-6 [70,396] "Structured specifications emerged organically during develop"
image 9-9 [402,428] src=assets/vibecoding.svg ""
div 11-19 [430,784] {.notes} "Five Principles: Planning: Thorough planning remains (almost"
  paragraph 12-12 [443,459] "Five Principles:"
  list 14-18 [461,780] "Planning: Thorough planning remains (almost) everything. Doc"
image 21-21 [786,822] src=assets/integrated-framework.svg ""
div 23-25 [824,1068] {.notes} "The integrated framework brings together structured specific"
  paragraph 24-24 [837,1064] "The integrated framework brings together structured specific""
`;

exports[`every chapter of the examples > parses examples/talk/01-talk/10-practical-guidance.md 1`] = `
"heading 1-1 [0,20] h1 "Practical guidance"
list 3-6 [22,192] "Remain curious (and patient!) Upskilling: Invest in tools & "
heading 8-8 [194,215] h2 "Remain curious ..."
paragraph 10-10 [217,230] "(and patient)"
image 12-12 [232,278] src=assets/screenshot-2025-12-30-08-48-48.svg ""
image 14-14 [280,326] src=assets/screenshot-2026-01-11-19-32-29.svg ""
image 16-16 [328,374] src=assets/screenshot-2025-12-27-08-50-39.svg ""
image 18-18 [376,422] src=assets/screenshot-2025-12-27-08-51-23.svg ""
image 20-20 [424,470] src=assets/screenshot-2026-01-04-21-35-20.svg ""
image 22-22 [472,518] src=assets/screenshot-2026-01-04-21-35-33.svg ""
heading 24-24 [520,536] h2 "Invest in ..."
paragraph 26-26 [538,574] "(NEW tools, terminology, concepts)"
rule 28-28 [576,579] ""
quote 30-31 [581,702] "\\"Give a small boy a hammer, and he will find that everything"
  paragraph 30-31 [581,702] "\\"Give a small boy a hammer, and he will find that everything"
div 33-37 [704,1087] {.notes} "Abraham Kaplan calls \\"The Law of the Instrument\\" [@Kaplan:19"
  paragraph 34-34 [717,793] "Abraham Kaplan calls \\"The Law of the Instrument\\" [@Kaplan:19"
  paragraph 36-36 [795,1083] "... which suggests that we have a tendency to approach tasks"
image 39-39 [1089,1117] src=assets/command-line.svg ""
heading 41-41 [1119,1151] h2 "Planning, planning, planning!"
paragraph 43-43 [1153,1222] "(Explore and experiment,<br />then develop your own method o"
div 45-47 [1224,1386] {.notes} "As Eisenhower reportedly put it: \\"Plans are worthless, but p"
  paragraph 46-46 [1237,1382] "As Eisenhower reportedly put it: \\"Plans are worthless, but p"
heading 49-49 [1388,1420] h2 "Practice, practice, practice!"
paragraph 51-51 [1422,1459] "(Embrace the vibe of 'example document')""
`;

exports[`every chapter of the examples > parses examples/talk/01-talk/11-thank-you.md 1`] = `
"heading 1-1 [0,11] h1 "Thank You"
paragraph 3-3 [13,32] "(alice@example.org)"
rule 5-5 [34,37] ""
div 7-14 [39,204] {.columns} " "
  div 8-10 [54,123] {.column width="50%"} ""
    image 9-9 [80,119] {.full-bleed} src=assets/manuscript.svg ""
  div 11-13 [124,200] {.column width="50%"} ""
    image 12-12 [150,196] {width="75%"} src=assets/qrcode-manuscript.svg ""
rule 16-16 [206,209] ""
div 18-25 [211,379] {.columns} " "
  div 19-21 [226,300] {.column width="50%"} ""
    image 20-20 [252,296] {.full-bleed} src=assets/github-projects.svg ""
  div 22-24 [301,375] {.column width="50%"} ""
    image 23-23 [327,371] {width="75%"} src=assets/qrcode-projects.svg """
`;
